# Blend4Web PRO SDK distribution list
apps_dev/project.py
apps_dev/viewer
projects/webplayer

csrc

blender/material_library
!blender/material_library/promo/
!blender/material_library/free_material_library.blend

blender/misc/logo*

addons

deploy/api_doc

deploy/apps/common

deploy/assets/material_library
!deploy/assets/material_library/promo/
!deploy/assets/material_library/free_material_library.bin
!deploy/assets/material_library/free_material_library.json

deploy/assets/misc/logo*
deploy/doc

dist

index.html
index.js
index_assets
license/Blend4Web_SDK_Pro_license_en.pdf
license/Blend4Web_SDK_Pro_license_ru.pdf
license/LEGAL_NOTICES.txt
Makefile
README.rst

scripts/blender/
scripts/check_resources.py
scripts/compile_b4w.py
scripts/converter.py
scripts/custom_json_encoder.py
scripts/gen_glmatrix.sh
scripts/graph.sh
scripts/lib/
scripts/make_dist.py
scripts/memory.sh
scripts/mod_list.py
scripts/plot.sh
scripts/process_blend.py
scripts/project_server.py
scripts/remove_alpha_channel.sh
scripts/screencast.sh
scripts/shader_analyzer.py
scripts/templates/
scripts/translator.py
scripts/npm.sh
scripts/node.sh
scripts/find_nodejs.py
scripts/app_builder/

package.json
node_modules/

shaders
src
tools
uranium
VERSION
webpack.config.js

!*.blend1
!*.blend2
!*.blend3
!*.blend4
!*.blend5
!*/modelling/*
!*/modeling/*
!*.pyc
!*/__pycache__/*
!*.swp
!*.js~
!*.json~
!*.html~
!*.xcf
!*.log

!csrc/b4w_bin/build/
!uranium/build/
!uranium/bullet/
!deploy/doc/locale/
!deploy/*/.buildinfo

!addons/oscurart_tools/
