# Blend4Web CE SDK distribution list
apps_dev/AR
apps_dev/code_snippets
apps_dev/demos_*
apps_dev/flight
apps_dev/new_year
apps_dev/petigors_tale
apps_dev/project.py
apps_dev/space_disaster
apps_dev/tutorials
apps_dev/victory_day_2015
apps_dev/viewer
apps_dev/website
apps_dev/webplayer
projects/simple_app

csrc
doc_src

blender/AR
blender/animation
blender/code_snippets
blender/dev/logo.blend
blender/environment
blender/flight_over_island
blender/geometry
blender/interactivity
blender/lighting

blender/material_library/b4w_object_mat.blend
blender/material_library/additional_objects.blend
blender/material_library/free_material_library.blend
blender/material_library/texture_library.blend
blender/material_library/auto/rubber.blend
blender/material_library/glass/clean_glass.blend
blender/material_library/metal/chrome.blend
blender/material_library/metal/bronze.blend
blender/material_library/natural/gypsum.blend
blender/material_library/natural/ice.blend
blender/material_library/natural/snow.blend
blender/material_library/plastic/glossy_plastic.blend
blender/material_library/plastic/rought_plastic.blend


blender/materials
blender/media
blender/misc/constraints*
blender/misc/logo*
blender/new_year
blender/particles
blender/petigors_tale
blender/physics
blender/postprocessing
blender/space_disaster
blender/tutorials
blender/victory_day_2015
blender/website

addons

deploy/api_doc

deploy/apps/common
deploy/apps/demos_*
deploy/apps/webplayer

deploy/assets/AR
deploy/assets/animation
deploy/assets/code_snippets
deploy/assets/dev/4_digit*
deploy/assets/dev/captions.*
deploy/assets/dev/fonts
deploy/assets/dev/logo*
deploy/assets/dev/matcaps
deploy/assets/environment
deploy/assets/flight_over_island
deploy/assets/fridge/fruits/apple
deploy/assets/fridge/fruits/pear
deploy/assets/fridge/table_plane
deploy/assets/geometry
deploy/assets/interactivity
deploy/assets/lighting
deploy/assets/location_agriculture/textures/buildings/house_walls_*

deploy/assets/material_library/free_material_library.bin
deploy/assets/material_library/free_material_library.json
deploy/assets/material_library/ao_dirt_worn_masks.png
deploy/assets/material_library/cubemap_rought.png
deploy/assets/material_library/cubemap_sharp.png
deploy/assets/material_library/cubemap_sharp_fake.png
deploy/assets/material_library/matcap.png
deploy/assets/material_library/matcap_matte.png
deploy/assets/material_library/glass/glass_normal.jpg
deploy/assets/material_library/glass/stack_of_glass_ao.jpg
deploy/assets/material_library/mask/
deploy/assets/material_library/natural/gypsum_normal.png
deploy/assets/material_library/natural/drops_normal.png
deploy/assets/material_library/natural/ice_matcap.png
deploy/assets/material_library/natural/snow_normal.png
deploy/assets/material_library/natural/snow_sparkles.png
deploy/assets/material_library/plastic/normal_noise.png
deploy/assets/material_library/promo/gridline.png
deploy/assets/material_library/textures/
deploy/assets/material_library/additional_objects/

deploy/assets/materials
deploy/assets/media
deploy/assets/misc/constraints*
deploy/assets/misc/logo*
deploy/assets/new_year
deploy/assets/particles
deploy/assets/petigors_tale
deploy/assets/physics
deploy/assets/postprocessing
deploy/assets/space_disaster
deploy/assets/tutorials
deploy/assets/victory_day_2015
deploy/assets/website
deploy/doc
deploy/pub/b4w_manual_*.pdf
deploy/webglreport

distfiles/blend4web_addon.lst
distfiles/blend4web_ce.lst
distfiles/blend4web_ce_light.lst

index.html
index_assets
license/GPL-license.txt
license/LEGAL_NOTICES.txt
Makefile
README.rst

scripts/blender/
scripts/check_resources.py
scripts/compile_b4w.py
scripts/converter.py
scripts/custom_json_encoder.py
scripts/gen_glmatrix.sh
scripts/graph.sh
scripts/lib/
scripts/make_dist.py
scripts/memory.sh
scripts/mod_list.py
scripts/plot.sh
scripts/process_blend.py
scripts/project_server.py
scripts/remove_alpha_channel.sh
scripts/screencast.sh
scripts/shader_analyzer.py
scripts/templates/
scripts/translator.py

shaders
src
tools
uranium
VERSION

!*.blend1
!*.blend2
!*.blend3
!*.blend4
!*.blend5
!*/modelling/*
!*/modeling/*
!*.pyc
!*/__pycache__/*
!*.swp
!*.js~
!*.json~
!*.html~
!*.xcf

!csrc/b4w_bin/build/
!uranium/build/
!deploy/doc/locale/
!doc_src/doctrees
!doc_src/latex/
!doc_src/locale/.doctrees/
!doc_src/locale/*.pot
!doc_src/locale/*.mo
!deploy/*/.buildinfo

!addons/oscurart_tools/

# exclude big victory day 2015 design files
!blender/victory_day_2015/design/

# not ready
!blender/website/slider/
!deploy/assets/website/slider/
!apps_dev/website/contest*
!deploy/apps/website/contest*
!blender/website/contest/
!deploy/assets/website/contest/

# only pro sdk
!blender/material_library/glass/gem*
!deploy/assets/material_library/glass/gem*
