# Blend4Web PRO SDK distribution list
apps_dev/code_snippets
apps_dev/demos_*
apps_dev/flight
apps_dev/new_year
apps_dev/project.py
apps_dev/space_disaster
apps_dev/tutorials
apps_dev/victory_day_2015
apps_dev/viewer
apps_dev/website
projects/simple_app
projects/webplayer
projects/AR

csrc
doc_src

blender/animation
blender/azure_grotto
blender/capri/animals/seagull
blender/capri/foliage/trees/chamaerops_humilis
blender/capri/environment/sun_world
blender/capri/materials_library
blender/capri/props/beach_umbrella
blender/code_snippets
blender/dev/
blender/environment
blender/flight_over_island
blender/fridge
!blender/fridge/bottle/baked_textures
!blender/fridge/bottle/bottle_highpoly.blend
!blender/fridge/bottle/bottle_normals_AO_bake.blend
!blender/fridge/bottle/gimp_textures
!blender/fridge/*/hd_textures
blender/fountain_elephants
blender/geometry
blender/interactivity
blender/lighting

blender/material_library
!blender/material_library/promo/
!blender/material_library/free_material_library.blend

blender/materials
blender/media
blender/mi_34_hermit
blender/misc/constraints*
blender/misc/logo*
blender/new_year
blender/particles
blender/physics
blender/postprocessing
blender/space_disaster
blender/sports_car
blender/tutorials
blender/victory_day_2015
blender/watch_scene
blender/website

addons

deploy/api_doc

deploy/apps/common
deploy/apps/demos_*
deploy/apps/webplayer

deploy/assets/animation
deploy/assets/azure_grotto
deploy/assets/capri/animals/seagull
deploy/assets/capri/foliage/trees/chamaerops_humilis
deploy/assets/capri/materials_library
deploy/assets/capri/props/beach_umbrella
deploy/assets/capri/sounds/vehicles
deploy/assets/code_snippets
deploy/assets/dev/4_digit*
deploy/assets/dev/captions.*
deploy/assets/dev/fonts
deploy/assets/dev/logo*
deploy/assets/dev/matcaps
deploy/assets/environment
deploy/assets/flight_over_island
deploy/assets/fridge
deploy/assets/fountain_elephants
deploy/assets/geometry
deploy/assets/interactivity
deploy/assets/lighting

deploy/assets/material_library
!deploy/assets/material_library/promo/
!deploy/assets/material_library/free_material_library.bin
!deploy/assets/material_library/free_material_library.json

deploy/assets/materials
deploy/assets/media
deploy/assets/mi_34_hermit
deploy/assets/misc/constraints*
deploy/assets/misc/logo*
deploy/assets/new_year
deploy/assets/particles
deploy/assets/physics
deploy/assets/postprocessing
deploy/assets/space_disaster
deploy/assets/sports_car
deploy/assets/tutorials
deploy/assets/victory_day_2015
deploy/assets/watch_scene
deploy/assets/website
deploy/doc
deploy/pub/b4w_manual_*.pdf
deploy/webglreport

dist

distfiles

index.html
index.js
index_assets
license/Blend4Web_SDK_Pro_license_en.pdf
license/Blend4Web_SDK_Pro_license_ru.pdf
license/LEGAL_NOTICES.txt
Makefile
README.rst

scripts/blender/
scripts/check_resources.py
scripts/compile_b4w.py
scripts/converter.py
scripts/custom_json_encoder.py
scripts/gen_glmatrix.sh
scripts/graph.sh
scripts/lib/
scripts/make_dist.py
scripts/memory.sh
scripts/mod_list.py
scripts/plot.sh
scripts/process_blend.py
scripts/project_server.py
scripts/remove_alpha_channel.sh
scripts/screencast.sh
scripts/shader_analyzer.py
scripts/templates/
scripts/translator.py
scripts/npm.sh
scripts/node.sh
scripts/find_nodejs.py
scripts/app_builder/

package.json
node_modules/

shaders
src
tools
uranium
VERSION
webpack.config.js

!*.blend1
!*.blend2
!*.blend3
!*.blend4
!*.blend5
!*/modelling/*
!*/modeling/*
!*.pyc
!*/__pycache__/*
!*.swp
!*.js~
!*.json~
!*.html~
!*.xcf
!*.log

!csrc/b4w_bin/build/
!uranium/build/
!deploy/doc/locale/
!doc_src/doctrees
!doc_src/latex/
!doc_src/locale/.doctrees/
!doc_src/locale/*.pot
!doc_src/locale/*.mo
!deploy/*/.buildinfo

!blender/location_agriculture/location_agriculture_water_test.blend
!deploy/assets/location_agriculture/exports/location_agriculture_water_test.*
!blender/location_agriculture/animation_test.blend
!deploy/assets/location_agriculture/exports/animation_test.*

!addons/oscurart_tools/

# exclude big victory day 2015 design files
!blender/victory_day_2015/design/

# not ready
!blender/website/slider/
!deploy/assets/website/slider/
!apps_dev/website/contest*
!deploy/apps/website/contest*
!blender/website/contest/
!deploy/assets/website/contest/
!blender/sports_car/sports_car_1.blend
