# Blend4Web CE SDK distribution list
apps_dev/project.py
apps_dev/viewer
projects/webplayer

csrc

blender/material_library/b4w_object_mat.blend
blender/material_library/additional_objects.blend
blender/material_library/free_material_library.blend
blender/material_library/texture_library.blend
blender/material_library/auto/rubber.blend
blender/material_library/glass/clean_glass.blend
blender/material_library/metal/chrome.blend
blender/material_library/metal/bronze.blend
blender/material_library/natural/gypsum.blend
blender/material_library/natural/ice.blend
blender/material_library/natural/snow.blend
blender/material_library/plastic/glossy_plastic.blend
blender/material_library/plastic/rought_plastic.blend

blender/misc/logo*

addons

deploy/api_doc

deploy/apps/common

deploy/assets/dev/fonts
deploy/assets/dev/matcaps

deploy/assets/material_library/free_material_library.bin
deploy/assets/material_library/free_material_library.json
deploy/assets/material_library/ao_dirt_worn_masks.png
deploy/assets/material_library/cubemap_rought.png
deploy/assets/material_library/cubemap_sharp.png
deploy/assets/material_library/cubemap_sharp_fake.png
deploy/assets/material_library/matcap.png
deploy/assets/material_library/matcap_matte.png
deploy/assets/material_library/glass/glass_normal.jpg
deploy/assets/material_library/glass/stack_of_glass_ao.jpg
deploy/assets/material_library/mask/
deploy/assets/material_library/natural/gypsum_normal.png
deploy/assets/material_library/natural/drops_normal.png
deploy/assets/material_library/natural/ice_matcap.png
deploy/assets/material_library/natural/snow_normal.png
deploy/assets/material_library/natural/snow_sparkles.png
deploy/assets/material_library/plastic/normal_noise.png
deploy/assets/material_library/promo/gridline.png
deploy/assets/material_library/textures/
deploy/assets/material_library/additional_objects/

deploy/assets/misc/logo*
deploy/doc

dist

index.html
index.js
index_assets
license/GPL-license.txt
license/LEGAL_NOTICES.txt
Makefile
README.rst

scripts/blender/
scripts/check_resources.py
scripts/compile_b4w.py
scripts/converter.py
scripts/custom_json_encoder.py
scripts/gen_glmatrix.sh
scripts/graph.sh
scripts/lib/
scripts/make_dist.py
scripts/memory.sh
scripts/mod_list.py
scripts/plot.sh
scripts/process_blend.py
scripts/project_server.py
scripts/remove_alpha_channel.sh
scripts/screencast.sh
scripts/shader_analyzer.py
scripts/templates/
scripts/translator.py
scripts/npm.sh
scripts/node.sh
scripts/find_nodejs.py
scripts/app_builder/

package.json
node_modules/

shaders
src
tools
uranium
VERSION
webpack.config.js

!*.blend1
!*.blend2
!*.blend3
!*.blend4
!*.blend5
!*/modelling/*
!*/modeling/*
!*.pyc
!*/__pycache__/*
!*.swp
!*.js~
!*.json~
!*.html~
!*.xcf
!*.log

!csrc/b4w_bin/build/
!uranium/build/
!uranium/bullet/
!deploy/doc/locale/
!deploy/*/.buildinfo

!addons/oscurart_tools/
