# Blend4Web free SDK distribution list
apps_dev/gallery
apps_dev/Makefile
apps_dev/parse_html.py
apps_dev/viewer
apps_dev/webplayer

csrc
doc_src

external/blender/dev/logo.blend
external/blender/dev_nodes/special_nodes.blend
external/blender/dev_performance/empty.blend
external/blender/dev_performance/many_draw_calls.blend
external/blender/dev_performance/many_lights.blend
external/blender/dev_performance/many_pixels.blend
external/blender/dev_physics/compound.blend
external/blender/dev_physics/jumping.blend
external/blender/dev_physics/rigid_body_joints.blend
external/blender/dev_sound

external/blender_scripts

external/deploy/api_doc

external/deploy/apps/common
external/deploy/apps/gallery
external/deploy/apps/viewer
external/deploy/apps/webplayer

external/deploy/assets/assets.json

external/deploy/assets/dev/logo.*
external/deploy/assets/dev/logo_norm.*
external/deploy/assets/dev_performance/empty.bin
external/deploy/assets/dev_performance/empty.json
external/deploy/assets/dev_performance/many_draw_calls.bin
external/deploy/assets/dev_performance/many_draw_calls.json
external/deploy/assets/dev_performance/many_lights.bin
external/deploy/assets/dev_performance/many_lights.json
external/deploy/assets/dev_performance/many_pixels.bin
external/deploy/assets/dev_performance/many_pixels.json
external/deploy/assets/dev_physics/compound.bin
external/deploy/assets/dev_physics/compound.json
external/deploy/assets/dev_physics/jumping.bin
external/deploy/assets/dev_physics/jumping.json
external/deploy/assets/dev_physics/rigid_body_joints.bin
external/deploy/assets/dev_physics/rigid_body_joints.json
external/deploy/assets/dev_sound
external/deploy/assets/fridge/table_plane
external/deploy/assets/tutorials
external/deploy/doc
external/deploy/globals_detect
external/deploy/pub/b4w_manual_*.pdf
external/deploy/tutorials
external/Makefile
external/reexporter.py

index.html
index_assets
license/GPL-license.txt
license/LEGAL_NOTICES.txt
Makefile
README.rst

scripts/blend4web.lst
scripts/blend4web_sdk_free.lst
scripts/check_resources.py
scripts/compile_b4w.py
scripts/converter.py
scripts/custom_json_encoder.py
scripts/gen_glmatrix.sh
scripts/graph.sh
scripts/make_dist.py
scripts/memory.sh
scripts/plot.sh
scripts/remove_alpha_channel.sh
scripts/screencast.sh
scripts/screenshooter.py
scripts/shader_analyzer.py

shaders
src
tools
uranium
VERSION

!*.blend1
!*.blend2
!*.blend3
!*.blend4
!*.blend5
!*/modelling/*
!*/modeling/*
!*.pyc
!*/__pycache__/*
!uranium/build/src/.libs
!external/deploy/doc/locale/
!doc_src/doctrees
!doc_src/latex/
!doc_src/locale/.doctrees/
!doc_src/locale/*.pot
!doc_src/locale/*.mo
!external/deploy/*/.buildinfo
!*.swp
!*.js~
!*.json~
!*.html~

# exclude incomplete tutorials
!*/tutorials/palm/*
!*/tutorials/examples/making_a_game_p7/*
!*/tutorials/examples/making_a_game_p8/*
!*/tutorials/materials_guide/*

# mix demo is for internal usage only
!external/blender/dev_sound/mix.blend
!external/deploy/assets/dev_sound/mix.*
!external/deploy/assets/dev_sound/text_drive_*
