# Blend4Web free SDK distribution list
apps_dev/code_snippets
apps_dev/flight
apps_dev/gallery
apps_dev/Makefile
apps_dev/new_year
apps_dev/project.py
#apps_dev/victory_day_2015
apps_dev/viewer
apps_dev/webplayer

csrc
doc_src

blender/code_snippets
blender/dev/logo.blend
blender/dev_misc/annotations.*
blender/dev_misc/procedural_objects.*
blender/dev_misc/surface_and_meta.*
blender/dev_misc/text.*
blender/dev_nla/camera_views.blend
blender/dev_nla/nla_script*
blender/dev_nla/nla_simple_cube.blend
blender/dev_nodes/special_nodes.blend
blender/dev_performance/empty.blend
blender/dev_performance/many_draw_calls.blend
blender/dev_performance/many_lights.blend
blender/dev_performance/many_pixels.blend
blender/dev_physics/compound.blend
blender/dev_physics/jumping.blend
blender/dev_physics/rigid_body_joints.blend
blender/dev_sound
blender/flight_over_island
blender/interactivity
blender/new_year
#blender/victory_day_2015
blender/environment

blender_scripts

deploy/api_doc

deploy/apps/code_snippets
deploy/apps/common
deploy/apps/flight
deploy/apps/gallery
deploy/apps/new_year
#deploy/apps/victory_day_2015
deploy/apps/viewer
deploy/apps/webplayer

deploy/assets/code_snippets
deploy/assets/dev/fonts
deploy/assets/dev/logo.*
deploy/assets/dev/logo_norm.*
deploy/assets/dev/matcaps
deploy/assets/dev_misc/annotations.*
deploy/assets/dev_misc/procedural_objects.*
deploy/assets/dev_misc/surface_and_meta.*
deploy/assets/dev_misc/text.*
deploy/assets/dev_nla/camera_views.*
deploy/assets/dev_nla/nla_script*
deploy/assets/dev_nla/nla_simple_cube.*
deploy/assets/dev_performance/empty.bin
deploy/assets/dev_performance/empty.json
deploy/assets/dev_performance/many_draw_calls.bin
deploy/assets/dev_performance/many_draw_calls.json
deploy/assets/dev_performance/many_lights.bin
deploy/assets/dev_performance/many_lights.json
deploy/assets/dev_performance/many_pixels.bin
deploy/assets/dev_performance/many_pixels.json
deploy/assets/dev_physics/compound.bin
deploy/assets/dev_physics/compound.json
deploy/assets/dev_physics/jumping.bin
deploy/assets/dev_physics/jumping.json
deploy/assets/dev_physics/rigid_body_joints.bin
deploy/assets/dev_physics/rigid_body_joints.json
deploy/assets/dev_sound
deploy/assets/flight_over_island
deploy/assets/fridge/fruits/apple
deploy/assets/fridge/fruits/pear
deploy/assets/fridge/table_plane
deploy/assets/interactivity
deploy/assets/new_year
deploy/assets/tutorials
#deploy/assets/victory_day_2015
deploy/assets/environment
deploy/doc
deploy/globals_detect
deploy/pub/b4w_manual_*.pdf
deploy/tutorials
deploy/webglreport
Makefile

index.html
index_assets
license/GPL-license.txt
license/LEGAL_NOTICES.txt
Makefile
README.rst

scripts/blend4web.lst
scripts/blend4web_sdk_free.lst
scripts/check_resources.py
scripts/compile_b4w.py
scripts/converter.py
scripts/custom_json_encoder.py
scripts/gen_glmatrix.sh
scripts/graph.sh
scripts/make_dist.py
scripts/memory.sh
scripts/plot.sh
scripts/reexporter.py
scripts/remove_alpha_channel.sh
scripts/screencast.sh
scripts/shader_analyzer.py

shaders
src
tools
uranium
VERSION

!*.blend1
!*.blend2
!*.blend3
!*.blend4
!*.blend5
!*/modelling/*
!*/modeling/*
!*.pyc
!*/__pycache__/*
!*.swp
!*.js~
!*.json~
!*.html~

!csrc/b4w_bin/build
!uranium/build/src/.libs
!deploy/doc/locale/
!doc_src/doctrees
!doc_src/latex/
!doc_src/locale/.doctrees/
!doc_src/locale/*.pot
!doc_src/locale/*.mo
!deploy/*/.buildinfo

# exclude incomplete tutorials
!*/tutorials/examples/making_a_game_p8/*
!*/tutorials/materials_guide/*

# exclude cg event stuff
!deploy/tutorials/cg_event_2014/interactive_scenes/*

# mix demo is for internal usage only
!blender/dev_sound/mix.blend
!deploy/assets/dev_sound/mix.*
!deploy/assets/dev_sound/text_drive_*

!blender_scripts/addons/oscurart_tools/
!blender_scripts/scripts/*

# exclude big victory day 2015 design files
!blender/victory_day_2015/design/
